Copyright 1986-2022 Xilinx, Inc. All Rights Reserved. Copyright 2022-2025 Advanced Micro Devices, Inc. All Rights Reserved.
----------------------------------------------------------------------------------------------------------------------------------------------------------------------------------------------------
| Tool Version : Vivado v.2025.2 (win64) Build 6299465 Fri Nov 14 19:35:11 GMT 2025
| Date         : Sun May 10 02:12:23 2026
| Host         : DESKTOP-62KSQKS running 64-bit major release  (build 9200)
| Command      : report_timing -from [all_inputs] -to [all_outputs] -delay_type min -max_paths 10 -file C:/Users/tncya/Desktop/FPGA_COURSE/wallace_tree_multiplier_4bit/docs/timing_min_io_impl.rpt
| Design       : wallace_tree_multiplier_4bit
| Device       : 7a35t-cpg236
| Speed File   : -1  PRODUCTION 1.23 2018-06-13
| Design State : Routed
----------------------------------------------------------------------------------------------------------------------------------------------------------------------------------------------------

Timing Report

Slack:                    inf
  Source:                 B[1]
                            (input port)
  Destination:            Z[2]
                            (output port)
  Path Group:             (none)
  Path Type:              Min at Fast Process Corner
  Data Path Delay:        2.171ns  (logic 1.337ns (61.600%)  route 0.834ns (38.400%))
  Logic Levels:           3  (IBUF=1 LUT6=1 OBUF=1)

    Location             Delay type                Incr(ns)  Path(ns)    Netlist Resource(s)
  -------------------------------------------------------------------    -------------------
    W14                                               0.000     0.000 r  B[1] (IN)
                         net (fo=0)                   0.000     0.000    B[1]
    W14                  IBUF (Prop_ibuf_I_O)         0.164     0.164 r  B_IBUF[1]_inst/O
                         net (fo=12, routed)          0.481     0.645    B_IBUF[1]
    SLICE_X0Y7           LUT6 (Prop_lut6_I0_O)        0.045     0.690 r  Z_OBUF[2]_inst_i_1/O
                         net (fo=1, routed)           0.353     1.043    Z_OBUF[2]
    W16                  OBUF (Prop_obuf_I_O)         1.129     2.171 r  Z_OBUF[2]_inst/O
                         net (fo=0)                   0.000     2.171    Z[2]
    W16                                                               r  Z[2] (OUT)
  -------------------------------------------------------------------    -------------------

Slack:                    inf
  Source:                 B[1]
                            (input port)
  Destination:            Z[1]
                            (output port)
  Path Group:             (none)
  Path Type:              Min at Fast Process Corner
  Data Path Delay:        2.233ns  (logic 1.322ns (59.210%)  route 0.911ns (40.790%))
  Logic Levels:           3  (IBUF=1 LUT4=1 OBUF=1)

    Location             Delay type                Incr(ns)  Path(ns)    Netlist Resource(s)
  -------------------------------------------------------------------    -------------------
    W14                                               0.000     0.000 r  B[1] (IN)
                         net (fo=0)                   0.000     0.000    B[1]
    W14                  IBUF (Prop_ibuf_I_O)         0.164     0.164 r  B_IBUF[1]_inst/O
                         net (fo=12, routed)          0.569     0.733    B_IBUF[1]
    SLICE_X0Y7           LUT4 (Prop_lut4_I0_O)        0.045     0.778 r  Z_OBUF[1]_inst_i_1/O
                         net (fo=1, routed)           0.342     1.120    Z_OBUF[1]
    W17                  OBUF (Prop_obuf_I_O)         1.113     2.233 r  Z_OBUF[1]_inst/O
                         net (fo=0)                   0.000     2.233    Z[1]
    W17                                                               r  Z[1] (OUT)
  -------------------------------------------------------------------    -------------------

Slack:                    inf
  Source:                 B[3]
                            (input port)
  Destination:            Z[6]
                            (output port)
  Path Group:             (none)
  Path Type:              Min at Fast Process Corner
  Data Path Delay:        2.279ns  (logic 1.327ns (58.244%)  route 0.952ns (41.756%))
  Logic Levels:           3  (IBUF=1 LUT6=1 OBUF=1)

    Location             Delay type                Incr(ns)  Path(ns)    Netlist Resource(s)
  -------------------------------------------------------------------    -------------------
    W15                                               0.000     0.000 r  B[3] (IN)
                         net (fo=0)                   0.000     0.000    B[3]
    W15                  IBUF (Prop_ibuf_I_O)         0.165     0.165 r  B_IBUF[3]_inst/O
                         net (fo=9, routed)           0.540     0.705    B_IBUF[3]
    SLICE_X0Y8           LUT6 (Prop_lut6_I5_O)        0.045     0.750 r  Z_OBUF[6]_inst_i_1/O
                         net (fo=1, routed)           0.411     1.161    Z_OBUF[6]
    U17                  OBUF (Prop_obuf_I_O)         1.117     2.279 r  Z_OBUF[6]_inst/O
                         net (fo=0)                   0.000     2.279    Z[6]
    U17                                                               r  Z[6] (OUT)
  -------------------------------------------------------------------    -------------------

Slack:                    inf
  Source:                 B[3]
                            (input port)
  Destination:            Z[7]
                            (output port)
  Path Group:             (none)
  Path Type:              Min at Fast Process Corner
  Data Path Delay:        2.287ns  (logic 1.329ns (58.103%)  route 0.958ns (41.897%))
  Logic Levels:           3  (IBUF=1 LUT6=1 OBUF=1)

    Location             Delay type                Incr(ns)  Path(ns)    Netlist Resource(s)
  -------------------------------------------------------------------    -------------------
    W15                                               0.000     0.000 r  B[3] (IN)
                         net (fo=0)                   0.000     0.000    B[3]
    W15                  IBUF (Prop_ibuf_I_O)         0.165     0.165 r  B_IBUF[3]_inst/O
                         net (fo=9, routed)           0.544     0.709    B_IBUF[3]
    SLICE_X0Y8           LUT6 (Prop_lut6_I1_O)        0.045     0.754 r  Z_OBUF[7]_inst_i_1/O
                         net (fo=1, routed)           0.414     1.168    Z_OBUF[7]
    T18                  OBUF (Prop_obuf_I_O)         1.119     2.287 r  Z_OBUF[7]_inst/O
                         net (fo=0)                   0.000     2.287    Z[7]
    T18                                                               r  Z[7] (OUT)
  -------------------------------------------------------------------    -------------------

Slack:                    inf
  Source:                 B[1]
                            (input port)
  Destination:            Z[3]
                            (output port)
  Path Group:             (none)
  Path Type:              Min at Fast Process Corner
  Data Path Delay:        2.301ns  (logic 1.372ns (59.618%)  route 0.929ns (40.382%))
  Logic Levels:           4  (IBUF=1 LUT6=2 OBUF=1)

    Location             Delay type                Incr(ns)  Path(ns)    Netlist Resource(s)
  -------------------------------------------------------------------    -------------------
    W14                                               0.000     0.000 r  B[1] (IN)
                         net (fo=0)                   0.000     0.000    B[1]
    W14                  IBUF (Prop_ibuf_I_O)         0.164     0.164 r  B_IBUF[1]_inst/O
                         net (fo=12, routed)          0.380     0.544    B_IBUF[1]
    SLICE_X1Y6           LUT6 (Prop_lut6_I0_O)        0.045     0.589 r  Z_OBUF[3]_inst_i_2/O
                         net (fo=2, routed)           0.146     0.735    C_7
    SLICE_X1Y7           LUT6 (Prop_lut6_I0_O)        0.045     0.780 r  Z_OBUF[3]_inst_i_1/O
                         net (fo=1, routed)           0.403     1.183    Z_OBUF[3]
    V17                  OBUF (Prop_obuf_I_O)         1.118     2.301 r  Z_OBUF[3]_inst/O
                         net (fo=0)                   0.000     2.301    Z[3]
    V17                                                               r  Z[3] (OUT)
  -------------------------------------------------------------------    -------------------

Slack:                    inf
  Source:                 B[2]
                            (input port)
  Destination:            Z[4]
                            (output port)
  Path Group:             (none)
  Path Type:              Min at Fast Process Corner
  Data Path Delay:        2.323ns  (logic 1.389ns (59.790%)  route 0.934ns (40.210%))
  Logic Levels:           4  (IBUF=1 LUT2=1 LUT6=1 OBUF=1)

    Location             Delay type                Incr(ns)  Path(ns)    Netlist Resource(s)
  -------------------------------------------------------------------    -------------------
    W13                                               0.000     0.000 r  B[2] (IN)
                         net (fo=0)                   0.000     0.000    B[2]
    W13                  IBUF (Prop_ibuf_I_O)         0.173     0.173 r  B_IBUF[2]_inst/O
                         net (fo=11, routed)          0.431     0.604    B_IBUF[2]
    SLICE_X0Y6           LUT6 (Prop_lut6_I1_O)        0.045     0.649 r  Z_OBUF[4]_inst_i_2/O
                         net (fo=1, routed)           0.153     0.802    fa10/sum0__0
    SLICE_X0Y7           LUT2 (Prop_lut2_I1_O)        0.045     0.847 r  Z_OBUF[4]_inst_i_1/O
                         net (fo=1, routed)           0.350     1.197    Z_OBUF[4]
    V16                  OBUF (Prop_obuf_I_O)         1.126     2.323 r  Z_OBUF[4]_inst/O
                         net (fo=0)                   0.000     2.323    Z[4]
    V16                                                               r  Z[4] (OUT)
  -------------------------------------------------------------------    -------------------

Slack:                    inf
  Source:                 A[0]
                            (input port)
  Destination:            Z[0]
                            (output port)
  Path Group:             (none)
  Path Type:              Min at Fast Process Corner
  Data Path Delay:        2.333ns  (logic 1.406ns (60.277%)  route 0.927ns (39.723%))
  Logic Levels:           3  (IBUF=1 LUT2=1 OBUF=1)

    Location             Delay type                Incr(ns)  Path(ns)    Netlist Resource(s)
  -------------------------------------------------------------------    -------------------
    U14                                               0.000     0.000 r  A[0] (IN)
                         net (fo=0)                   0.000     0.000    A[0]
    U14                  IBUF (Prop_ibuf_I_O)         0.165     0.165 r  A_IBUF[0]_inst/O
                         net (fo=7, routed)           0.579     0.744    A_IBUF[0]
    SLICE_X0Y7           LUT2 (Prop_lut2_I0_O)        0.048     0.792 r  Z_OBUF[0]_inst_i_1/O
                         net (fo=1, routed)           0.348     1.140    Z_OBUF[0]
    V15                  OBUF (Prop_obuf_I_O)         1.193     2.333 r  Z_OBUF[0]_inst/O
                         net (fo=0)                   0.000     2.333    Z[0]
    V15                                                               r  Z[0] (OUT)
  -------------------------------------------------------------------    -------------------

Slack:                    inf
  Source:                 B[3]
                            (input port)
  Destination:            Z[5]
                            (output port)
  Path Group:             (none)
  Path Type:              Min at Fast Process Corner
  Data Path Delay:        2.529ns  (logic 1.428ns (56.465%)  route 1.101ns (43.535%))
  Logic Levels:           4  (IBUF=1 LUT4=1 LUT6=1 OBUF=1)

    Location             Delay type                Incr(ns)  Path(ns)    Netlist Resource(s)
  -------------------------------------------------------------------    -------------------
    W15                                               0.000     0.000 r  B[3] (IN)
                         net (fo=0)                   0.000     0.000    B[3]
    W15                  IBUF (Prop_ibuf_I_O)         0.165     0.165 r  B_IBUF[3]_inst/O
                         net (fo=9, routed)           0.455     0.620    B_IBUF[3]
    SLICE_X0Y7           LUT6 (Prop_lut6_I2_O)        0.045     0.665 r  Z_OBUF[5]_inst_i_5/O
                         net (fo=1, routed)           0.220     0.885    fa11/sum0__0
    SLICE_X0Y7           LUT4 (Prop_lut4_I3_O)        0.045     0.930 r  Z_OBUF[5]_inst_i_1/O
                         net (fo=1, routed)           0.426     1.356    Z_OBUF[5]
    U18                  OBUF (Prop_obuf_I_O)         1.173     2.529 r  Z_OBUF[5]_inst/O
                         net (fo=0)                   0.000     2.529    Z[5]
    U18                                                               r  Z[5] (OUT)
  -------------------------------------------------------------------    -------------------




