Copyright 1986-2022 Xilinx, Inc. All Rights Reserved. Copyright 2022-2025 Advanced Micro Devices, Inc. All Rights Reserved.
----------------------------------------------------------------------------------------------------------------------------------------------------------------------------------------------------
| Tool Version : Vivado v.2025.2 (win64) Build 6299465 Fri Nov 14 19:35:11 GMT 2025
| Date         : Sun May 10 02:12:23 2026
| Host         : DESKTOP-62KSQKS running 64-bit major release  (build 9200)
| Command      : report_timing -from [all_inputs] -to [all_outputs] -delay_type max -max_paths 10 -file C:/Users/tncya/Desktop/FPGA_COURSE/wallace_tree_multiplier_4bit/docs/timing_max_io_impl.rpt
| Design       : wallace_tree_multiplier_4bit
| Device       : 7a35t-cpg236
| Speed File   : -1  PRODUCTION 1.23 2018-06-13
| Design State : Routed
----------------------------------------------------------------------------------------------------------------------------------------------------------------------------------------------------

Timing Report

Slack:                    inf
  Source:                 B[1]
                            (input port)
  Destination:            Z[7]
                            (output port)
  Path Group:             (none)
  Path Type:              Max at Slow Process Corner
  Data Path Delay:        9.884ns  (logic 4.268ns (43.182%)  route 5.616ns (56.818%))
  Logic Levels:           6  (IBUF=1 LUT5=2 LUT6=2 OBUF=1)

    Location             Delay type                Incr(ns)  Path(ns)    Netlist Resource(s)
  -------------------------------------------------------------------    -------------------
    W14                                               0.000     0.000 r  B[1] (IN)
                         net (fo=0)                   0.000     0.000    B[1]
    W14                  IBUF (Prop_ibuf_I_O)         0.935     0.935 r  B_IBUF[1]_inst/O
                         net (fo=12, routed)          1.428     2.362    B_IBUF[1]
    SLICE_X1Y6           LUT6 (Prop_lut6_I5_O)        0.124     2.486 r  Z_OBUF[5]_inst_i_7/O
                         net (fo=1, routed)           0.667     3.153    fa5/sum0__0
    SLICE_X1Y6           LUT5 (Prop_lut5_I4_O)        0.152     3.305 r  Z_OBUF[5]_inst_i_4/O
                         net (fo=3, routed)           0.826     4.132    S_4
    SLICE_X1Y7           LUT5 (Prop_lut5_I2_O)        0.332     4.464 r  Z_OBUF[7]_inst_i_2/O
                         net (fo=2, routed)           0.817     5.281    C_10
    SLICE_X0Y8           LUT6 (Prop_lut6_I0_O)        0.124     5.405 r  Z_OBUF[7]_inst_i_1/O
                         net (fo=1, routed)           1.878     7.283    Z_OBUF[7]
    T18                  OBUF (Prop_obuf_I_O)         2.602     9.884 r  Z_OBUF[7]_inst/O
                         net (fo=0)                   0.000     9.884    Z[7]
    T18                                                               r  Z[7] (OUT)
  -------------------------------------------------------------------    -------------------

Slack:                    inf
  Source:                 B[1]
                            (input port)
  Destination:            Z[6]
                            (output port)
  Path Group:             (none)
  Path Type:              Max at Slow Process Corner
  Data Path Delay:        9.863ns  (logic 4.267ns (43.261%)  route 5.596ns (56.739%))
  Logic Levels:           6  (IBUF=1 LUT5=2 LUT6=2 OBUF=1)

    Location             Delay type                Incr(ns)  Path(ns)    Netlist Resource(s)
  -------------------------------------------------------------------    -------------------
    W14                                               0.000     0.000 r  B[1] (IN)
                         net (fo=0)                   0.000     0.000    B[1]
    W14                  IBUF (Prop_ibuf_I_O)         0.935     0.935 r  B_IBUF[1]_inst/O
                         net (fo=12, routed)          1.428     2.362    B_IBUF[1]
    SLICE_X1Y6           LUT6 (Prop_lut6_I5_O)        0.124     2.486 r  Z_OBUF[5]_inst_i_7/O
                         net (fo=1, routed)           0.667     3.153    fa5/sum0__0
    SLICE_X1Y6           LUT5 (Prop_lut5_I4_O)        0.152     3.305 r  Z_OBUF[5]_inst_i_4/O
                         net (fo=3, routed)           0.826     4.132    S_4
    SLICE_X1Y7           LUT5 (Prop_lut5_I2_O)        0.332     4.464 r  Z_OBUF[7]_inst_i_2/O
                         net (fo=2, routed)           0.824     5.288    C_10
    SLICE_X0Y8           LUT6 (Prop_lut6_I0_O)        0.124     5.412 r  Z_OBUF[6]_inst_i_1/O
                         net (fo=1, routed)           1.851     7.263    Z_OBUF[6]
    U17                  OBUF (Prop_obuf_I_O)         2.600     9.863 r  Z_OBUF[6]_inst/O
                         net (fo=0)                   0.000     9.863    Z[6]
    U17                                                               r  Z[6] (OUT)
  -------------------------------------------------------------------    -------------------

Slack:                    inf
  Source:                 A[1]
                            (input port)
  Destination:            Z[5]
                            (output port)
  Path Group:             (none)
  Path Type:              Max at Slow Process Corner
  Data Path Delay:        9.380ns  (logic 4.252ns (45.331%)  route 5.128ns (54.669%))
  Logic Levels:           6  (IBUF=1 LUT2=1 LUT4=1 LUT6=2 OBUF=1)

    Location             Delay type                Incr(ns)  Path(ns)    Netlist Resource(s)
  -------------------------------------------------------------------    -------------------
    V14                                               0.000     0.000 r  A[1] (IN)
                         net (fo=0)                   0.000     0.000    A[1]
    V14                  IBUF (Prop_ibuf_I_O)         0.931     0.931 r  A_IBUF[1]_inst/O
                         net (fo=10, routed)          1.477     2.408    A_IBUF[1]
    SLICE_X0Y6           LUT2 (Prop_lut2_I0_O)        0.124     2.532 f  Z_OBUF[7]_inst_i_5/O
                         net (fo=1, routed)           0.159     2.691    Z_OBUF[7]_inst_i_5_n_0
    SLICE_X0Y6           LUT6 (Prop_lut6_I4_O)        0.124     2.815 r  Z_OBUF[7]_inst_i_3/O
                         net (fo=2, routed)           0.948     3.763    C_4
    SLICE_X0Y7           LUT6 (Prop_lut6_I0_O)        0.124     3.887 r  Z_OBUF[5]_inst_i_5/O
                         net (fo=1, routed)           0.667     4.554    fa11/sum0__0
    SLICE_X0Y7           LUT4 (Prop_lut4_I3_O)        0.152     4.706 r  Z_OBUF[5]_inst_i_1/O
                         net (fo=1, routed)           1.877     6.583    Z_OBUF[5]
    U18                  OBUF (Prop_obuf_I_O)         2.797     9.380 r  Z_OBUF[5]_inst/O
                         net (fo=0)                   0.000     9.380    Z[5]
    U18                                                               r  Z[5] (OUT)
  -------------------------------------------------------------------    -------------------

Slack:                    inf
  Source:                 A[0]
                            (input port)
  Destination:            Z[4]
                            (output port)
  Path Group:             (none)
  Path Type:              Max at Slow Process Corner
  Data Path Delay:        8.987ns  (logic 4.147ns (46.152%)  route 4.839ns (53.848%))
  Logic Levels:           5  (IBUF=1 LUT2=1 LUT4=1 LUT6=1 OBUF=1)

    Location             Delay type                Incr(ns)  Path(ns)    Netlist Resource(s)
  -------------------------------------------------------------------    -------------------
    U14                                               0.000     0.000 r  A[0] (IN)
                         net (fo=0)                   0.000     0.000    A[0]
    U14                  IBUF (Prop_ibuf_I_O)         0.936     0.936 r  A_IBUF[0]_inst/O
                         net (fo=7, routed)           1.589     2.525    A_IBUF[0]
    SLICE_X1Y6           LUT4 (Prop_lut4_I1_O)        0.152     2.677 r  Z_OBUF[3]_inst_i_4/O
                         net (fo=2, routed)           0.810     3.487    fa4/sum0__0
    SLICE_X1Y7           LUT6 (Prop_lut6_I5_O)        0.326     3.813 r  Z_OBUF[5]_inst_i_2/O
                         net (fo=3, routed)           0.718     4.530    C_8
    SLICE_X0Y7           LUT2 (Prop_lut2_I0_O)        0.124     4.654 r  Z_OBUF[4]_inst_i_1/O
                         net (fo=1, routed)           1.723     6.378    Z_OBUF[4]
    V16                  OBUF (Prop_obuf_I_O)         2.609     8.987 r  Z_OBUF[4]_inst/O
                         net (fo=0)                   0.000     8.987    Z[4]
    V16                                                               r  Z[4] (OUT)
  -------------------------------------------------------------------    -------------------

Slack:                    inf
  Source:                 A[0]
                            (input port)
  Destination:            Z[3]
                            (output port)
  Path Group:             (none)
  Path Type:              Max at Slow Process Corner
  Data Path Delay:        8.259ns  (logic 4.015ns (48.615%)  route 4.244ns (51.385%))
  Logic Levels:           4  (IBUF=1 LUT4=1 LUT6=1 OBUF=1)

    Location             Delay type                Incr(ns)  Path(ns)    Netlist Resource(s)
  -------------------------------------------------------------------    -------------------
    U14                                               0.000     0.000 r  A[0] (IN)
                         net (fo=0)                   0.000     0.000    A[0]
    U14                  IBUF (Prop_ibuf_I_O)         0.936     0.936 r  A_IBUF[0]_inst/O
                         net (fo=7, routed)           1.589     2.525    A_IBUF[0]
    SLICE_X1Y6           LUT4 (Prop_lut4_I1_O)        0.152     2.677 r  Z_OBUF[3]_inst_i_4/O
                         net (fo=2, routed)           0.841     3.518    fa4/sum0__0
    SLICE_X1Y7           LUT6 (Prop_lut6_I4_O)        0.326     3.844 r  Z_OBUF[3]_inst_i_1/O
                         net (fo=1, routed)           1.814     5.658    Z_OBUF[3]
    V17                  OBUF (Prop_obuf_I_O)         2.601     8.259 r  Z_OBUF[3]_inst/O
                         net (fo=0)                   0.000     8.259    Z[3]
    V17                                                               r  Z[3] (OUT)
  -------------------------------------------------------------------    -------------------

Slack:                    inf
  Source:                 B[0]
                            (input port)
  Destination:            Z[0]
                            (output port)
  Path Group:             (none)
  Path Type:              Max at Slow Process Corner
  Data Path Delay:        7.298ns  (logic 3.913ns (53.610%)  route 3.386ns (46.390%))
  Logic Levels:           3  (IBUF=1 LUT2=1 OBUF=1)

    Location             Delay type                Incr(ns)  Path(ns)    Netlist Resource(s)
  -------------------------------------------------------------------    -------------------
    U15                                               0.000     0.000 r  B[0] (IN)
                         net (fo=0)                   0.000     0.000    B[0]
    U15                  IBUF (Prop_ibuf_I_O)         0.945     0.945 r  B_IBUF[0]_inst/O
                         net (fo=9, routed)           1.686     2.630    B_IBUF[0]
    SLICE_X0Y7           LUT2 (Prop_lut2_I1_O)        0.152     2.782 r  Z_OBUF[0]_inst_i_1/O
                         net (fo=1, routed)           1.700     4.482    Z_OBUF[0]
    V15                  OBUF (Prop_obuf_I_O)         2.816     7.298 r  Z_OBUF[0]_inst/O
                         net (fo=0)                   0.000     7.298    Z[0]
    V15                                                               r  Z[0] (OUT)
  -------------------------------------------------------------------    -------------------

Slack:                    inf
  Source:                 A[1]
                            (input port)
  Destination:            Z[1]
                            (output port)
  Path Group:             (none)
  Path Type:              Max at Slow Process Corner
  Data Path Delay:        7.282ns  (logic 3.651ns (50.138%)  route 3.631ns (49.862%))
  Logic Levels:           3  (IBUF=1 LUT4=1 OBUF=1)

    Location             Delay type                Incr(ns)  Path(ns)    Netlist Resource(s)
  -------------------------------------------------------------------    -------------------
    V14                                               0.000     0.000 r  A[1] (IN)
                         net (fo=0)                   0.000     0.000    A[1]
    V14                  IBUF (Prop_ibuf_I_O)         0.931     0.931 r  A_IBUF[1]_inst/O
                         net (fo=10, routed)          1.960     2.891    A_IBUF[1]
    SLICE_X0Y7           LUT4 (Prop_lut4_I3_O)        0.124     3.015 r  Z_OBUF[1]_inst_i_1/O
                         net (fo=1, routed)           1.671     4.686    Z_OBUF[1]
    W17                  OBUF (Prop_obuf_I_O)         2.596     7.282 r  Z_OBUF[1]_inst/O
                         net (fo=0)                   0.000     7.282    Z[1]
    W17                                                               r  Z[1] (OUT)
  -------------------------------------------------------------------    -------------------

Slack:                    inf
  Source:                 B[0]
                            (input port)
  Destination:            Z[2]
                            (output port)
  Path Group:             (none)
  Path Type:              Max at Slow Process Corner
  Data Path Delay:        7.059ns  (logic 3.680ns (52.139%)  route 3.378ns (47.861%))
  Logic Levels:           3  (IBUF=1 LUT6=1 OBUF=1)

    Location             Delay type                Incr(ns)  Path(ns)    Netlist Resource(s)
  -------------------------------------------------------------------    -------------------
    U15                                               0.000     0.000 r  B[0] (IN)
                         net (fo=0)                   0.000     0.000    B[0]
    U15                  IBUF (Prop_ibuf_I_O)         0.945     0.945 r  B_IBUF[0]_inst/O
                         net (fo=9, routed)           1.657     2.601    B_IBUF[0]
    SLICE_X0Y7           LUT6 (Prop_lut6_I3_O)        0.124     2.725 r  Z_OBUF[2]_inst_i_1/O
                         net (fo=1, routed)           1.722     4.447    Z_OBUF[2]
    W16                  OBUF (Prop_obuf_I_O)         2.612     7.059 r  Z_OBUF[2]_inst/O
                         net (fo=0)                   0.000     7.059    Z[2]
    W16                                                               r  Z[2] (OUT)
  -------------------------------------------------------------------    -------------------




