Copyright 1986-2022 Xilinx, Inc. All Rights Reserved. Copyright 2022-2025 Advanced Micro Devices, Inc. All Rights Reserved.
---------------------------------------------------------------------------------------------------------------------------------------------------------------------------------------------
| Tool Version : Vivado v.2025.2 (win64) Build 6299465 Fri Nov 14 19:35:11 GMT 2025
| Date         : Sun May 10 02:16:05 2026
| Host         : DESKTOP-62KSQKS running 64-bit major release  (build 9200)
| Command      : report_timing -from [all_inputs] -to [all_outputs] -delay_type max -max_paths 10 -file C:/Users/tncya/Desktop/FPGA_COURSE/array_multiplier_4bit/docs/timing_max_io_impl.rpt
| Design       : array_multiplier_4bit
| Device       : 7a35t-cpg236
| Speed File   : -1  PRODUCTION 1.23 2018-06-13
| Design State : Routed
---------------------------------------------------------------------------------------------------------------------------------------------------------------------------------------------

Timing Report

Slack:                    inf
  Source:                 B[0]
                            (input port)
  Destination:            Z[4]
                            (output port)
  Path Group:             (none)
  Path Type:              Max at Slow Process Corner
  Data Path Delay:        9.366ns  (logic 4.159ns (44.401%)  route 5.208ns (55.599%))
  Logic Levels:           5  (IBUF=1 LUT4=1 LUT5=1 LUT6=1 OBUF=1)

    Location             Delay type                Incr(ns)  Path(ns)    Netlist Resource(s)
  -------------------------------------------------------------------    -------------------
    U15                                               0.000     0.000 r  B[0] (IN)
                         net (fo=0)                   0.000     0.000    B[0]
    U15                  IBUF (Prop_ibuf_I_O)         0.945     0.945 r  B_IBUF[0]_inst/O
                         net (fo=9, routed)           1.605     2.549    B_IBUF[0]
    SLICE_X1Y6           LUT6 (Prop_lut6_I4_O)        0.124     2.673 r  Z_OBUF[3]_inst_i_3/O
                         net (fo=3, routed)           0.870     3.544    C3
    SLICE_X0Y6           LUT4 (Prop_lut4_I2_O)        0.124     3.668 r  Z_OBUF[5]_inst_i_2/O
                         net (fo=2, routed)           0.865     4.532    C6
    SLICE_X0Y6           LUT5 (Prop_lut5_I4_O)        0.154     4.686 r  Z_OBUF[4]_inst_i_1/O
                         net (fo=1, routed)           1.868     6.554    Z_OBUF[4]
    V16                  OBUF (Prop_obuf_I_O)         2.812     9.366 r  Z_OBUF[4]_inst/O
                         net (fo=0)                   0.000     9.366    Z[4]
    V16                                                               r  Z[4] (OUT)
  -------------------------------------------------------------------    -------------------

Slack:                    inf
  Source:                 B[0]
                            (input port)
  Destination:            Z[7]
                            (output port)
  Path Group:             (none)
  Path Type:              Max at Slow Process Corner
  Data Path Delay:        9.140ns  (logic 3.918ns (42.867%)  route 5.222ns (57.133%))
  Logic Levels:           5  (IBUF=1 LUT5=1 LUT6=2 OBUF=1)

    Location             Delay type                Incr(ns)  Path(ns)    Netlist Resource(s)
  -------------------------------------------------------------------    -------------------
    U15                                               0.000     0.000 r  B[0] (IN)
                         net (fo=0)                   0.000     0.000    B[0]
    U15                  IBUF (Prop_ibuf_I_O)         0.945     0.945 r  B_IBUF[0]_inst/O
                         net (fo=9, routed)           1.685     2.630    B_IBUF[0]
    SLICE_X1Y5           LUT5 (Prop_lut5_I2_O)        0.124     2.754 r  Z_OBUF[5]_inst_i_4/O
                         net (fo=4, routed)           0.820     3.573    S3
    SLICE_X1Y6           LUT6 (Prop_lut6_I5_O)        0.124     3.697 r  Z_OBUF[7]_inst_i_3/O
                         net (fo=2, routed)           0.653     4.350    C9
    SLICE_X0Y5           LUT6 (Prop_lut6_I3_O)        0.124     4.474 r  Z_OBUF[7]_inst_i_1/O
                         net (fo=1, routed)           2.065     6.539    Z_OBUF[7]
    T18                  OBUF (Prop_obuf_I_O)         2.602     9.140 r  Z_OBUF[7]_inst/O
                         net (fo=0)                   0.000     9.140    Z[7]
    T18                                                               r  Z[7] (OUT)
  -------------------------------------------------------------------    -------------------

Slack:                    inf
  Source:                 B[0]
                            (input port)
  Destination:            Z[6]
                            (output port)
  Path Group:             (none)
  Path Type:              Max at Slow Process Corner
  Data Path Delay:        9.128ns  (logic 3.917ns (42.910%)  route 5.211ns (57.090%))
  Logic Levels:           5  (IBUF=1 LUT5=1 LUT6=2 OBUF=1)

    Location             Delay type                Incr(ns)  Path(ns)    Netlist Resource(s)
  -------------------------------------------------------------------    -------------------
    U15                                               0.000     0.000 r  B[0] (IN)
                         net (fo=0)                   0.000     0.000    B[0]
    U15                  IBUF (Prop_ibuf_I_O)         0.945     0.945 r  B_IBUF[0]_inst/O
                         net (fo=9, routed)           1.685     2.630    B_IBUF[0]
    SLICE_X1Y5           LUT5 (Prop_lut5_I2_O)        0.124     2.754 r  Z_OBUF[5]_inst_i_4/O
                         net (fo=4, routed)           0.820     3.573    S3
    SLICE_X1Y6           LUT6 (Prop_lut6_I5_O)        0.124     3.697 r  Z_OBUF[7]_inst_i_3/O
                         net (fo=2, routed)           0.790     4.487    C9
    SLICE_X0Y5           LUT6 (Prop_lut6_I4_O)        0.124     4.611 r  Z_OBUF[6]_inst_i_1/O
                         net (fo=1, routed)           1.917     6.528    Z_OBUF[6]
    U17                  OBUF (Prop_obuf_I_O)         2.600     9.128 r  Z_OBUF[6]_inst/O
                         net (fo=0)                   0.000     9.128    Z[6]
    U17                                                               r  Z[6] (OUT)
  -------------------------------------------------------------------    -------------------

Slack:                    inf
  Source:                 B[0]
                            (input port)
  Destination:            Z[5]
                            (output port)
  Path Group:             (none)
  Path Type:              Max at Slow Process Corner
  Data Path Delay:        8.844ns  (logic 3.906ns (44.164%)  route 4.938ns (55.836%))
  Logic Levels:           5  (IBUF=1 LUT4=1 LUT6=2 OBUF=1)

    Location             Delay type                Incr(ns)  Path(ns)    Netlist Resource(s)
  -------------------------------------------------------------------    -------------------
    U15                                               0.000     0.000 r  B[0] (IN)
                         net (fo=0)                   0.000     0.000    B[0]
    U15                  IBUF (Prop_ibuf_I_O)         0.945     0.945 r  B_IBUF[0]_inst/O
                         net (fo=9, routed)           1.605     2.549    B_IBUF[0]
    SLICE_X1Y6           LUT6 (Prop_lut6_I4_O)        0.124     2.673 r  Z_OBUF[3]_inst_i_3/O
                         net (fo=3, routed)           0.870     3.544    C3
    SLICE_X0Y6           LUT4 (Prop_lut4_I2_O)        0.124     3.668 r  Z_OBUF[5]_inst_i_2/O
                         net (fo=2, routed)           0.596     4.264    C6
    SLICE_X0Y5           LUT6 (Prop_lut6_I1_O)        0.124     4.388 r  Z_OBUF[5]_inst_i_1/O
                         net (fo=1, routed)           1.867     6.255    Z_OBUF[5]
    U18                  OBUF (Prop_obuf_I_O)         2.589     8.844 r  Z_OBUF[5]_inst/O
                         net (fo=0)                   0.000     8.844    Z[5]
    U18                                                               r  Z[5] (OUT)
  -------------------------------------------------------------------    -------------------

Slack:                    inf
  Source:                 B[0]
                            (input port)
  Destination:            Z[3]
                            (output port)
  Path Group:             (none)
  Path Type:              Max at Slow Process Corner
  Data Path Delay:        8.367ns  (logic 4.029ns (48.155%)  route 4.338ns (51.845%))
  Logic Levels:           4  (IBUF=1 LUT4=1 LUT6=1 OBUF=1)

    Location             Delay type                Incr(ns)  Path(ns)    Netlist Resource(s)
  -------------------------------------------------------------------    -------------------
    U15                                               0.000     0.000 r  B[0] (IN)
                         net (fo=0)                   0.000     0.000    B[0]
    U15                  IBUF (Prop_ibuf_I_O)         0.945     0.945 r  B_IBUF[0]_inst/O
                         net (fo=9, routed)           1.605     2.549    B_IBUF[0]
    SLICE_X1Y6           LUT6 (Prop_lut6_I4_O)        0.124     2.673 r  Z_OBUF[3]_inst_i_3/O
                         net (fo=3, routed)           0.870     3.544    C3
    SLICE_X0Y6           LUT4 (Prop_lut4_I3_O)        0.152     3.696 r  Z_OBUF[3]_inst_i_1/O
                         net (fo=1, routed)           1.863     5.559    Z_OBUF[3]
    V17                  OBUF (Prop_obuf_I_O)         2.809     8.367 r  Z_OBUF[3]_inst/O
                         net (fo=0)                   0.000     8.367    Z[3]
    V17                                                               r  Z[3] (OUT)
  -------------------------------------------------------------------    -------------------

Slack:                    inf
  Source:                 A[1]
                            (input port)
  Destination:            Z[1]
                            (output port)
  Path Group:             (none)
  Path Type:              Max at Slow Process Corner
  Data Path Delay:        7.033ns  (logic 3.651ns (51.917%)  route 3.382ns (48.083%))
  Logic Levels:           3  (IBUF=1 LUT4=1 OBUF=1)

    Location             Delay type                Incr(ns)  Path(ns)    Netlist Resource(s)
  -------------------------------------------------------------------    -------------------
    V14                                               0.000     0.000 r  A[1] (IN)
                         net (fo=0)                   0.000     0.000    A[1]
    V14                  IBUF (Prop_ibuf_I_O)         0.931     0.931 r  A_IBUF[1]_inst/O
                         net (fo=9, routed)           1.670     2.601    A_IBUF[1]
    SLICE_X0Y6           LUT4 (Prop_lut4_I3_O)        0.124     2.725 r  Z_OBUF[1]_inst_i_1/O
                         net (fo=1, routed)           1.712     4.436    Z_OBUF[1]
    W17                  OBUF (Prop_obuf_I_O)         2.596     7.033 r  Z_OBUF[1]_inst/O
                         net (fo=0)                   0.000     7.033    Z[1]
    W17                                                               r  Z[1] (OUT)
  -------------------------------------------------------------------    -------------------

Slack:                    inf
  Source:                 A[0]
                            (input port)
  Destination:            Z[0]
                            (output port)
  Path Group:             (none)
  Path Type:              Max at Slow Process Corner
  Data Path Delay:        7.032ns  (logic 3.902ns (55.495%)  route 3.129ns (44.505%))
  Logic Levels:           3  (IBUF=1 LUT2=1 OBUF=1)

    Location             Delay type                Incr(ns)  Path(ns)    Netlist Resource(s)
  -------------------------------------------------------------------    -------------------
    U14                                               0.000     0.000 r  A[0] (IN)
                         net (fo=0)                   0.000     0.000    A[0]
    U14                  IBUF (Prop_ibuf_I_O)         0.936     0.936 r  A_IBUF[0]_inst/O
                         net (fo=7, routed)           1.316     2.252    A_IBUF[0]
    SLICE_X0Y6           LUT2 (Prop_lut2_I0_O)        0.150     2.402 r  Z_OBUF[0]_inst_i_1/O
                         net (fo=1, routed)           1.813     4.216    Z_OBUF[0]
    V15                  OBUF (Prop_obuf_I_O)         2.816     7.032 r  Z_OBUF[0]_inst/O
                         net (fo=0)                   0.000     7.032    Z[0]
    V15                                                               r  Z[0] (OUT)
  -------------------------------------------------------------------    -------------------

Slack:                    inf
  Source:                 A[0]
                            (input port)
  Destination:            Z[2]
                            (output port)
  Path Group:             (none)
  Path Type:              Max at Slow Process Corner
  Data Path Delay:        7.025ns  (logic 3.672ns (52.267%)  route 3.353ns (47.733%))
  Logic Levels:           3  (IBUF=1 LUT6=1 OBUF=1)

    Location             Delay type                Incr(ns)  Path(ns)    Netlist Resource(s)
  -------------------------------------------------------------------    -------------------
    U14                                               0.000     0.000 r  A[0] (IN)
                         net (fo=0)                   0.000     0.000    A[0]
    U14                  IBUF (Prop_ibuf_I_O)         0.936     0.936 r  A_IBUF[0]_inst/O
                         net (fo=7, routed)           1.481     2.418    A_IBUF[0]
    SLICE_X0Y6           LUT6 (Prop_lut6_I1_O)        0.124     2.542 r  Z_OBUF[2]_inst_i_1/O
                         net (fo=1, routed)           1.872     4.414    Z_OBUF[2]
    W16                  OBUF (Prop_obuf_I_O)         2.612     7.025 r  Z_OBUF[2]_inst/O
                         net (fo=0)                   0.000     7.025    Z[2]
    W16                                                               r  Z[2] (OUT)
  -------------------------------------------------------------------    -------------------




