Copyright 1986-2022 Xilinx, Inc. All Rights Reserved. Copyright 2022-2025 Advanced Micro Devices, Inc. All Rights Reserved.
---------------------------------------------------------------------------------------------------------------------------------------------------------------------------------------------
| Tool Version : Vivado v.2025.2 (win64) Build 6299465 Fri Nov 14 19:35:11 GMT 2025
| Date         : Sun May 10 02:16:05 2026
| Host         : DESKTOP-62KSQKS running 64-bit major release  (build 9200)
| Command      : report_timing -from [all_inputs] -to [all_outputs] -delay_type min -max_paths 10 -file C:/Users/tncya/Desktop/FPGA_COURSE/array_multiplier_4bit/docs/timing_min_io_impl.rpt
| Design       : array_multiplier_4bit
| Device       : 7a35t-cpg236
| Speed File   : -1  PRODUCTION 1.23 2018-06-13
| Design State : Routed
---------------------------------------------------------------------------------------------------------------------------------------------------------------------------------------------

Timing Report

Slack:                    inf
  Source:                 B[0]
                            (input port)
  Destination:            Z[1]
                            (output port)
  Path Group:             (none)
  Path Type:              Min at Fast Process Corner
  Data Path Delay:        2.125ns  (logic 1.332ns (62.682%)  route 0.793ns (37.318%))
  Logic Levels:           3  (IBUF=1 LUT4=1 OBUF=1)

    Location             Delay type                Incr(ns)  Path(ns)    Netlist Resource(s)
  -------------------------------------------------------------------    -------------------
    U15                                               0.000     0.000 r  B[0] (IN)
                         net (fo=0)                   0.000     0.000    B[0]
    U15                  IBUF (Prop_ibuf_I_O)         0.174     0.174 r  B_IBUF[0]_inst/O
                         net (fo=9, routed)           0.437     0.610    B_IBUF[0]
    SLICE_X0Y6           LUT4 (Prop_lut4_I2_O)        0.045     0.655 r  Z_OBUF[1]_inst_i_1/O
                         net (fo=1, routed)           0.357     1.012    Z_OBUF[1]
    W17                  OBUF (Prop_obuf_I_O)         1.113     2.125 r  Z_OBUF[1]_inst/O
                         net (fo=0)                   0.000     2.125    Z[1]
    W17                                                               r  Z[1] (OUT)
  -------------------------------------------------------------------    -------------------

Slack:                    inf
  Source:                 A[3]
                            (input port)
  Destination:            Z[6]
                            (output port)
  Path Group:             (none)
  Path Type:              Min at Fast Process Corner
  Data Path Delay:        2.172ns  (logic 1.326ns (61.058%)  route 0.846ns (38.942%))
  Logic Levels:           3  (IBUF=1 LUT6=1 OBUF=1)

    Location             Delay type                Incr(ns)  Path(ns)    Netlist Resource(s)
  -------------------------------------------------------------------    -------------------
    U16                                               0.000     0.000 r  A[3] (IN)
                         net (fo=0)                   0.000     0.000    A[3]
    U16                  IBUF (Prop_ibuf_I_O)         0.164     0.164 r  A_IBUF[3]_inst/O
                         net (fo=7, routed)           0.415     0.579    A_IBUF[3]
    SLICE_X0Y5           LUT6 (Prop_lut6_I1_O)        0.045     0.624 r  Z_OBUF[6]_inst_i_1/O
                         net (fo=1, routed)           0.431     1.055    Z_OBUF[6]
    U17                  OBUF (Prop_obuf_I_O)         1.117     2.172 r  Z_OBUF[6]_inst/O
                         net (fo=0)                   0.000     2.172    Z[6]
    U17                                                               r  Z[6] (OUT)
  -------------------------------------------------------------------    -------------------

Slack:                    inf
  Source:                 B[1]
                            (input port)
  Destination:            Z[2]
                            (output port)
  Path Group:             (none)
  Path Type:              Min at Fast Process Corner
  Data Path Delay:        2.203ns  (logic 1.337ns (60.707%)  route 0.866ns (39.293%))
  Logic Levels:           3  (IBUF=1 LUT6=1 OBUF=1)

    Location             Delay type                Incr(ns)  Path(ns)    Netlist Resource(s)
  -------------------------------------------------------------------    -------------------
    W14                                               0.000     0.000 r  B[1] (IN)
                         net (fo=0)                   0.000     0.000    B[1]
    W14                  IBUF (Prop_ibuf_I_O)         0.164     0.164 r  B_IBUF[1]_inst/O
                         net (fo=8, routed)           0.455     0.619    B_IBUF[1]
    SLICE_X0Y6           LUT6 (Prop_lut6_I5_O)        0.045     0.664 r  Z_OBUF[2]_inst_i_1/O
                         net (fo=1, routed)           0.410     1.075    Z_OBUF[2]
    W16                  OBUF (Prop_obuf_I_O)         1.129     2.203 r  Z_OBUF[2]_inst/O
                         net (fo=0)                   0.000     2.203    Z[2]
    W16                                                               r  Z[2] (OUT)
  -------------------------------------------------------------------    -------------------

Slack:                    inf
  Source:                 B[3]
                            (input port)
  Destination:            Z[5]
                            (output port)
  Path Group:             (none)
  Path Type:              Min at Fast Process Corner
  Data Path Delay:        2.212ns  (logic 1.316ns (59.511%)  route 0.896ns (40.489%))
  Logic Levels:           3  (IBUF=1 LUT6=1 OBUF=1)

    Location             Delay type                Incr(ns)  Path(ns)    Netlist Resource(s)
  -------------------------------------------------------------------    -------------------
    W15                                               0.000     0.000 r  B[3] (IN)
                         net (fo=0)                   0.000     0.000    B[3]
    W15                  IBUF (Prop_ibuf_I_O)         0.165     0.165 r  B_IBUF[3]_inst/O
                         net (fo=11, routed)          0.470     0.635    B_IBUF[3]
    SLICE_X0Y5           LUT6 (Prop_lut6_I3_O)        0.045     0.680 r  Z_OBUF[5]_inst_i_1/O
                         net (fo=1, routed)           0.425     1.105    Z_OBUF[5]
    U18                  OBUF (Prop_obuf_I_O)         1.106     2.212 r  Z_OBUF[5]_inst/O
                         net (fo=0)                   0.000     2.212    Z[5]
    U18                                                               r  Z[5] (OUT)
  -------------------------------------------------------------------    -------------------

Slack:                    inf
  Source:                 B[0]
                            (input port)
  Destination:            Z[0]
                            (output port)
  Path Group:             (none)
  Path Type:              Min at Fast Process Corner
  Data Path Delay:        2.245ns  (logic 1.415ns (63.000%)  route 0.831ns (37.000%))
  Logic Levels:           3  (IBUF=1 LUT2=1 OBUF=1)

    Location             Delay type                Incr(ns)  Path(ns)    Netlist Resource(s)
  -------------------------------------------------------------------    -------------------
    U15                                               0.000     0.000 r  B[0] (IN)
                         net (fo=0)                   0.000     0.000    B[0]
    U15                  IBUF (Prop_ibuf_I_O)         0.174     0.174 r  B_IBUF[0]_inst/O
                         net (fo=9, routed)           0.437     0.610    B_IBUF[0]
    SLICE_X0Y6           LUT2 (Prop_lut2_I1_O)        0.048     0.658 r  Z_OBUF[0]_inst_i_1/O
                         net (fo=1, routed)           0.394     1.053    Z_OBUF[0]
    V15                  OBUF (Prop_obuf_I_O)         1.193     2.245 r  Z_OBUF[0]_inst/O
                         net (fo=0)                   0.000     2.245    Z[0]
    V15                                                               r  Z[0] (OUT)
  -------------------------------------------------------------------    -------------------

Slack:                    inf
  Source:                 B[3]
                            (input port)
  Destination:            Z[3]
                            (output port)
  Path Group:             (none)
  Path Type:              Min at Fast Process Corner
  Data Path Delay:        2.282ns  (logic 1.395ns (61.126%)  route 0.887ns (38.874%))
  Logic Levels:           3  (IBUF=1 LUT4=1 OBUF=1)

    Location             Delay type                Incr(ns)  Path(ns)    Netlist Resource(s)
  -------------------------------------------------------------------    -------------------
    W15                                               0.000     0.000 r  B[3] (IN)
                         net (fo=0)                   0.000     0.000    B[3]
    W15                  IBUF (Prop_ibuf_I_O)         0.165     0.165 r  B_IBUF[3]_inst/O
                         net (fo=11, routed)          0.469     0.634    B_IBUF[3]
    SLICE_X0Y6           LUT4 (Prop_lut4_I2_O)        0.045     0.679 r  Z_OBUF[3]_inst_i_1/O
                         net (fo=1, routed)           0.418     1.097    Z_OBUF[3]
    V17                  OBUF (Prop_obuf_I_O)         1.185     2.282 r  Z_OBUF[3]_inst/O
                         net (fo=0)                   0.000     2.282    Z[3]
    V17                                                               r  Z[3] (OUT)
  -------------------------------------------------------------------    -------------------

Slack:                    inf
  Source:                 B[3]
                            (input port)
  Destination:            Z[4]
                            (output port)
  Path Group:             (none)
  Path Type:              Min at Fast Process Corner
  Data Path Delay:        2.371ns  (logic 1.398ns (58.955%)  route 0.973ns (41.045%))
  Logic Levels:           3  (IBUF=1 LUT5=1 OBUF=1)

    Location             Delay type                Incr(ns)  Path(ns)    Netlist Resource(s)
  -------------------------------------------------------------------    -------------------
    W15                                               0.000     0.000 r  B[3] (IN)
                         net (fo=0)                   0.000     0.000    B[3]
    W15                  IBUF (Prop_ibuf_I_O)         0.165     0.165 r  B_IBUF[3]_inst/O
                         net (fo=11, routed)          0.553     0.718    B_IBUF[3]
    SLICE_X0Y6           LUT5 (Prop_lut5_I1_O)        0.042     0.760 r  Z_OBUF[4]_inst_i_1/O
                         net (fo=1, routed)           0.420     1.180    Z_OBUF[4]
    V16                  OBUF (Prop_obuf_I_O)         1.191     2.371 r  Z_OBUF[4]_inst/O
                         net (fo=0)                   0.000     2.371    Z[4]
    V16                                                               r  Z[4] (OUT)
  -------------------------------------------------------------------    -------------------

Slack:                    inf
  Source:                 B[2]
                            (input port)
  Destination:            Z[7]
                            (output port)
  Path Group:             (none)
  Path Type:              Min at Fast Process Corner
  Data Path Delay:        2.375ns  (logic 1.382ns (58.162%)  route 0.994ns (41.838%))
  Logic Levels:           4  (IBUF=1 LUT6=2 OBUF=1)

    Location             Delay type                Incr(ns)  Path(ns)    Netlist Resource(s)
  -------------------------------------------------------------------    -------------------
    W13                                               0.000     0.000 r  B[2] (IN)
                         net (fo=0)                   0.000     0.000    B[2]
    W13                  IBUF (Prop_ibuf_I_O)         0.173     0.173 r  B_IBUF[2]_inst/O
                         net (fo=7, routed)           0.391     0.564    B_IBUF[2]
    SLICE_X0Y5           LUT6 (Prop_lut6_I4_O)        0.045     0.609 r  Z_OBUF[7]_inst_i_5/O
                         net (fo=2, routed)           0.110     0.718    C8
    SLICE_X0Y5           LUT6 (Prop_lut6_I5_O)        0.045     0.763 r  Z_OBUF[7]_inst_i_1/O
                         net (fo=1, routed)           0.494     1.257    Z_OBUF[7]
    T18                  OBUF (Prop_obuf_I_O)         1.119     2.375 r  Z_OBUF[7]_inst/O
                         net (fo=0)                   0.000     2.375    Z[7]
    T18                                                               r  Z[7] (OUT)
  -------------------------------------------------------------------    -------------------




